// Jest Snapshot v1, https://goo.gl/fbAQLP

exports[`renders the products 1`] = `
<div>
  <div
    className="ant-card ant-card-bordered"
  >
    <div
      className="ant-card-body"
      style={Object {}}
    >
      <div>
        <p>
          Description: 
          Screwdriver
        </p>
        <p>
          Category: 
          1
        </p>
        <p>
          Price: 
          €9.75
        </p>
      </div>
      <button
        className="ant-btn ant-btn-button"
        onClick={[Function]}
        type="button"
      >
        <span>
          Add to order
        </span>
      </button>
    </div>
  </div>
  <div
    className="ant-card ant-card-bordered"
  >
    <div
      className="ant-card-body"
      style={Object {}}
    >
      <div>
        <p>
          Description: 
          Electric screwdriver
        </p>
        <p>
          Category: 
          1
        </p>
        <p>
          Price: 
          €49.50
        </p>
      </div>
      <button
        className="ant-btn ant-btn-button"
        onClick={[Function]}
        type="button"
      >
        <span>
          Add to order
        </span>
      </button>
    </div>
  </div>
</div>
`;

exports[`renders the products loading 1`] = `<div />`;
