// Jest Snapshot v1, https://goo.gl/fbAQLP

exports[`Order tests renders order 1`] = `
<div
  className="ant-card ant-card-bordered"
>
  <div
    className="ant-card-body"
    style={Object {}}
  >
    <h3>
      Order #
      1
    </h3>
    <a
      href="/orders/1"
      onClick={[Function]}
    >
      <button
        className="ant-btn ant-btn-primary"
        onClick={[Function]}
        type="button"
      >
        <span>
          View
        </span>
      </button>
    </a>
  </div>
</div>
`;
