// Jest Snapshot v1, https://goo.gl/fbAQLP

exports[`renders a product 1`] = `
<div>
  <p>
    Description: 
    Screwdriver
  </p>
  <p>
    Category: 
    1
  </p>
  <p>
    Price: 
    €9.75
  </p>
</div>
`;

exports[`renders a product as loading 1`] = `
<div
  className="ant-skeleton ant-skeleton-active"
>
  <div
    className="ant-skeleton-content"
  >
    <h3
      className="ant-skeleton-title"
      style={
        Object {
          "width": "38%",
        }
      }
    />
    <ul
      className="ant-skeleton-paragraph"
      style={undefined}
    >
      <li
        style={
          Object {
            "width": undefined,
          }
        }
      />
      <li
        style={
          Object {
            "width": undefined,
          }
        }
      />
      <li
        style={
          Object {
            "width": "61%",
          }
        }
      />
    </ul>
  </div>
</div>
`;
